// Jest Snapshot v1, https://goo.gl/fbAQLP

exports[`renders Header without crashing 1`] = `ShallowWrapper {}`;
