// Jest Snapshot v1, https://goo.gl/fbAQLP

exports[`renders BestList without crashing 1`] = `ShallowWrapper {}`;
