// Jest Snapshot v1, https://goo.gl/fbAQLP

exports[`renders Card without crashing 1`] = `ShallowWrapper {}`;
