// Jest Snapshot v1, https://goo.gl/fbAQLP

exports[`renders Language component 1`] = `ShallowWrapper {}`;
