// Jest Snapshot v1, https://goo.gl/fbAQLP

exports[`Parent Component renders Child component 1`] = `ShallowWrapper {}`;
